#####DATE
Content-Type=application/json
Transfer-Encoding=chunked
Connection=keep-alive
x-cache=hit
charset=UTF-8
vary=Accept-Encoding
CF-Cache-Status=DYNAMIC
#####Report-To
NEL={"success_fraction":0,"report_to":"cf-nel","max_age":604800}
access-control-allow-origin=*
Server=cloudflare
#####CF-RAY
Content-Encoding=gzip
alt-svc=h3=":443"; ma=86400, h3-29=":443"; ma=86400

{
    "post code": "20500",
    "country": "United States",
    "country abbreviation": "US",
    "places": [
        {
            "place name": "Washington",
            "longitude": "-77.0355",
            "state": "District of Columbia",
            "state abbreviation": "DC",
            "latitude": "38.8946"
        }
    ]
}