{
    "post code": "20500",
    "country": "United States",
    "country abbreviation": "US",
    "places": [
        {
            "place name": "Washington",
            "longitude": "-77.0355",
            "state": "District of Columbia",
            "state abbreviation": "DC",
            "latitude": "38.8946"
        }
    ]
}